==========================================
SLURM_JOB_ID = 2596247
SLURM_NODELIST = gnode068
SLURM_JOB_GPUS = 1
==========================================
Device: cuda
  Cache OK: 1848 files in /scratch/ishaan.karan/hnsd/cache/scene_embeddings
Loading embeddings from cache: /scratch/ishaan.karan/hnsd/cache/scene_embeddings
Loading MENSA dataset...
  Train: 824 movies
  Val:   50 movies
  Test:  50 movies
NADN trainable parameters: 42,963,087
Mixed precision: ON
Gradient accumulation: 2 steps

============================================================
PHASE 1: Narrative Arc Discovery
============================================================
  Epoch 1/30 | Loss: 3.4410 | Recon: 0.0551 | Divers: 0.2973 | Entropy: 0.1051 | Balance: 0.0170 | Order: 0.3317
  Epoch 2/30 | Loss: 0.5515 | Recon: 0.0490 | Divers: 0.0270 | Entropy: 0.0258 | Balance: 0.0131 | Order: 0.3062
  Epoch 3/30 | Loss: 0.4238 | Recon: 0.0423 | Divers: 0.0161 | Entropy: 0.0117 | Balance: 0.0161 | Order: 0.3069
  Epoch 4/30 | Loss: 0.5775 | Recon: 0.0388 | Divers: 0.0202 | Entropy: 0.0214 | Balance: 0.0351 | Order: 0.3126
  Epoch 5/30 | Loss: 0.4121 | Recon: 0.0372 | Divers: 0.0148 | Entropy: 0.0112 | Balance: 0.0168 | Order: 0.3176
  Epoch 6/30 | Loss: 0.3270 | Recon: 0.0371 | Divers: 0.0109 | Entropy: 0.0090 | Balance: 0.0082 | Order: 0.3214
  Epoch 7/30 | Loss: 0.2512 | Recon: 0.0369 | Divers: 0.0072 | Entropy: 0.0032 | Balance: 0.0035 | Order: 0.3099
  Epoch 8/30 | Loss: 0.2204 | Recon: 0.0365 | Divers: 0.0052 | Entropy: 0.0019 | Balance: 0.0023 | Order: 0.3045
  Epoch 9/30 | Loss: 0.1983 | Recon: 0.0363 | Divers: 0.0039 | Entropy: 0.0010 | Balance: 0.0010 | Order: 0.3010
  Epoch 10/30 | Loss: 0.1867 | Recon: 0.0361 | Divers: 0.0030 | Entropy: 0.0008 | Balance: 0.0008 | Order: 0.2983
  Epoch 11/30 | Loss: 0.1801 | Recon: 0.0359 | Divers: 0.0025 | Entropy: 0.0007 | Balance: 0.0006 | Order: 0.2976
  Epoch 12/30 | Loss: 0.1750 | Recon: 0.0359 | Divers: 0.0021 | Entropy: 0.0007 | Balance: 0.0006 | Order: 0.2959
  Epoch 13/30 | Loss: 0.1721 | Recon: 0.0357 | Divers: 0.0019 | Entropy: 0.0006 | Balance: 0.0005 | Order: 0.2942
  Epoch 14/30 | Loss: 0.1736 | Recon: 0.0358 | Divers: 0.0015 | Entropy: 0.0015 | Balance: 0.0012 | Order: 0.2943
  Epoch 15/30 | Loss: 0.1681 | Recon: 0.0356 | Divers: 0.0014 | Entropy: 0.0009 | Balance: 0.0006 | Order: 0.2929
  Epoch 16/30 | Loss: 0.1653 | Recon: 0.0354 | Divers: 0.0013 | Entropy: 0.0009 | Balance: 0.0004 | Order: 0.2930
  Epoch 17/30 | Loss: 0.1612 | Recon: 0.0354 | Divers: 0.0011 | Entropy: 0.0005 | Balance: 0.0002 | Order: 0.2911
  Epoch 18/30 | Loss: 0.1597 | Recon: 0.0353 | Divers: 0.0010 | Entropy: 0.0005 | Balance: 0.0002 | Order: 0.2907
  Epoch 19/30 | Loss: 0.1579 | Recon: 0.0351 | Divers: 0.0009 | Entropy: 0.0005 | Balance: 0.0002 | Order: 0.2889
  Epoch 20/30 | Loss: 0.1563 | Recon: 0.0350 | Divers: 0.0007 | Entropy: 0.0004 | Balance: 0.0002 | Order: 0.2888
  Epoch 21/30 | Loss: 0.1552 | Recon: 0.0349 | Divers: 0.0007 | Entropy: 0.0004 | Balance: 0.0002 | Order: 0.2885
  Epoch 22/30 | Loss: 0.1549 | Recon: 0.0347 | Divers: 0.0006 | Entropy: 0.0004 | Balance: 0.0002 | Order: 0.2886
  Epoch 23/30 | Loss: 0.1532 | Recon: 0.0346 | Divers: 0.0006 | Entropy: 0.0003 | Balance: 0.0001 | Order: 0.2875
  Epoch 24/30 | Loss: 0.1515 | Recon: 0.0346 | Divers: 0.0005 | Entropy: 0.0004 | Balance: 0.0001 | Order: 0.2841
  Epoch 25/30 | Loss: 0.1517 | Recon: 0.0345 | Divers: 0.0005 | Entropy: 0.0004 | Balance: 0.0002 | Order: 0.2841
  Epoch 26/30 | Loss: 0.1513 | Recon: 0.0345 | Divers: 0.0005 | Entropy: 0.0003 | Balance: 0.0001 | Order: 0.2843
  Epoch 27/30 | Loss: 0.1506 | Recon: 0.0345 | Divers: 0.0004 | Entropy: 0.0004 | Balance: 0.0001 | Order: 0.2838
  Epoch 28/30 | Loss: 0.1500 | Recon: 0.0345 | Divers: 0.0003 | Entropy: 0.0003 | Balance: 0.0001 | Order: 0.2849
  Epoch 29/30 | Loss: 0.1482 | Recon: 0.0343 | Divers: 0.0003 | Entropy: 0.0003 | Balance: 0.0001 | Order: 0.2799
  Epoch 30/30 | Loss: 0.1487 | Recon: 0.0342 | Divers: 0.0003 | Entropy: 0.0003 | Balance: 0.0001 | Order: 0.2811
Phase 1 complete. Checkpoint saved.

============================================================
PHASE 2: Saliency Fine-tuning
============================================================
  Epoch 1/20 | Loss: 0.2037 | Sal: 0.1903 | Recon: 0.0354 | Val P: 57.05 | Val R: 57.99 | Val F1: 57.51 | Val MacroF1: 67.72
  Epoch 2/20 | Loss: 0.1966 | Sal: 0.1835 | Recon: 0.0347 | Val P: 58.00 | Val R: 59.04 | Val F1: 58.52 | Val MacroF1: 68.47
  Epoch 3/20 | Loss: 0.1944 | Sal: 0.1813 | Recon: 0.0345 | Val P: 58.95 | Val R: 57.12 | Val F1: 58.02 | Val MacroF1: 68.49
  Epoch 4/20 | Loss: 0.1939 | Sal: 0.1808 | Recon: 0.0344 | Val P: 58.48 | Val R: 58.22 | Val F1: 58.35 | Val MacroF1: 68.53
  Epoch 5/20 | Loss: 0.1919 | Sal: 0.1788 | Recon: 0.0344 | Val P: 59.22 | Val R: 56.57 | Val F1: 57.87 | Val MacroF1: 68.49
  Epoch 6/20 | Loss: 0.1908 | Sal: 0.1776 | Recon: 0.0344 | Val P: 60.25 | Val R: 55.84 | Val F1: 57.96 | Val MacroF1: 68.78
  Epoch 7/20 | Loss: 0.1886 | Sal: 0.1755 | Recon: 0.0343 | Val P: 57.42 | Val R: 61.65 | Val F1: 59.46 | Val MacroF1: 68.74
  Epoch 8/20 | Loss: 0.1871 | Sal: 0.1740 | Recon: 0.0344 | Val P: 57.28 | Val R: 61.37 | Val F1: 59.26 | Val MacroF1: 68.60
  Epoch 9/20 | Loss: 0.1850 | Sal: 0.1718 | Recon: 0.0343 | Val P: 56.82 | Val R: 60.09 | Val F1: 58.41 | Val MacroF1: 68.06
  Epoch 10/20 | Loss: 0.1824 | Sal: 0.1691 | Recon: 0.0344 | Val P: 58.37 | Val R: 56.66 | Val F1: 57.50 | Val MacroF1: 68.09
  Epoch 11/20 | Loss: 0.1794 | Sal: 0.1662 | Recon: 0.0344 | Val P: 57.89 | Val R: 59.08 | Val F1: 58.48 | Val MacroF1: 68.42
  Early stopping at epoch 11
Phase 2 complete. Best Val Macro F1: 68.78

============================================================
TEST SET EVALUATION
============================================================
  Threshold (from val): 0.220
  Precision (salient): 61.44%
  Recall    (salient): 55.11%
  F1        (salient): 58.10%
  Macro F1:            68.94%

============================================================
INTERPRETABILITY ANALYSIS
============================================================

  Feature means (Salient vs Non-Salient):
    Disruption Score         : Sal=0.7578  NonSal=0.7674  Δ=-0.0096
    Arc 1 affinity           : Sal=0.1697  NonSal=0.1677  Δ=+0.0020
    Arc 2 affinity           : Sal=0.1678  NonSal=0.1670  Δ=+0.0007
    Arc 3 affinity           : Sal=0.1662  NonSal=0.1659  Δ=+0.0002
    Arc 4 affinity           : Sal=0.1651  NonSal=0.1658  Δ=-0.0007
    Arc 5 affinity           : Sal=0.1652  NonSal=0.1662  Δ=-0.0009
    Arc 6 affinity           : Sal=0.1660  NonSal=0.1674  Δ=-0.0014
    Arc Entropy              : Sal=1.7911  NonSal=1.7913  Δ=-0.0002
  Saved interpretability data.

Total training time: 0.2 hours
